============================= test session starts ==============================
platform darwin -- Python 3.14.3, pytest-9.1.1, pluggy-1.6.0 -- /Users/gurve/Desktop/Take Home SmartVerify/.venv/bin/python
cachedir: .pytest_cache
rootdir: /Users/gurve/Desktop/Take Home SmartVerify
configfile: pytest.ini
testpaths: backend/tests
plugins: anyio-4.14.2
collecting ... collected 57 items

backend/tests/test_auth.py::test_t01_bad_credentials_are_rejected[headers0-no Authorization header] PASSED [  1%]
backend/tests/test_auth.py::test_t01_bad_credentials_are_rejected[headers1-scheme with no token] PASSED [  3%]
backend/tests/test_auth.py::test_t01_bad_credentials_are_rejected[headers2-scheme with blank token] PASSED [  5%]
backend/tests/test_auth.py::test_t01_bad_credentials_are_rejected[headers3-wrong scheme] PASSED [  7%]
backend/tests/test_auth.py::test_t01_bad_credentials_are_rejected[headers4-token with no scheme] PASSED [  8%]
backend/tests/test_auth.py::test_t01_bad_credentials_are_rejected[headers5-unknown token] PASSED [ 10%]
backend/tests/test_auth.py::test_t01_auth_failures_are_indistinguishable PASSED [ 12%]
backend/tests/test_auth.py::test_t01_auth_failure_leaks_no_detail PASSED [ 14%]
backend/tests/test_auth.py::test_t02_me_returns_exactly_the_granted_tenants[alice_token-alice@globex.example-Globex-tenant_names0] PASSED [ 15%]
backend/tests/test_auth.py::test_t02_me_returns_exactly_the_granted_tenants[bob_token-bob@globex.example-Globex-tenant_names1] PASSED [ 17%]
backend/tests/test_auth.py::test_t02_me_returns_exactly_the_granted_tenants[carol_token-carol@initech.example-Initech-tenant_names2] PASSED [ 19%]
backend/tests/test_auth.py::test_t02_me_requires_authentication PASSED   [ 21%]
backend/tests/test_auth.py::test_t02_tenant_ids_from_me_are_usable PASSED [ 22%]
backend/tests/test_behaviour.py::test_t12_full_lifecycle PASSED          [ 24%]
backend/tests/test_behaviour.py::test_t12_deleted_file_is_unreachable PASSED [ 26%]
backend/tests/test_behaviour.py::test_t12_delete_is_soft_and_content_survives PASSED [ 28%]
backend/tests/test_behaviour.py::test_t13_same_filename_in_two_tenants_stays_independent PASSED [ 29%]
backend/tests/test_behaviour.py::test_t14_git_and_database_agree PASSED  [ 31%]
backend/tests/test_behaviour.py::test_t14_one_commit_per_upload PASSED   [ 33%]
backend/tests/test_behaviour.py::test_t14_rejected_upload_leaves_both_stores_clean PASSED [ 35%]
backend/tests/test_behaviour.py::test_t15_no_cross_customer_grants PASSED [ 36%]
backend/tests/test_cedar_validation.py::test_t08_valid_policies_are_accepted[simple-permit.cedar] PASSED [ 38%]
backend/tests/test_cedar_validation.py::test_t08_valid_policies_are_accepted[admin-access.cedar] PASSED [ 40%]
backend/tests/test_cedar_validation.py::test_t08_valid_policies_are_accepted[read-only.cedar] PASSED [ 42%]
backend/tests/test_cedar_validation.py::test_t08_valid_policies_are_accepted[multiple-statements.cedar] PASSED [ 43%]
backend/tests/test_cedar_validation.py::test_t09_invalid_policies_are_rejected[missing-semicolon.cedar] PASSED [ 45%]
backend/tests/test_cedar_validation.py::test_t09_invalid_policies_are_rejected[misspelled-effect.cedar] PASSED [ 47%]
backend/tests/test_cedar_validation.py::test_t09_invalid_policies_are_rejected[unbalanced-brace.cedar] PASSED [ 49%]
backend/tests/test_cedar_validation.py::test_t09_invalid_policies_are_rejected[not-cedar.cedar] PASSED [ 50%]
backend/tests/test_cedar_validation.py::test_t09_invalid_policies_are_rejected[not-utf8.cedar] PASSED [ 52%]
backend/tests/test_cedar_validation.py::test_t09_invalid_policies_are_rejected[empty.cedar] PASSED [ 54%]
backend/tests/test_cedar_validation.py::test_t09_invalid_policies_are_rejected[comments-only.cedar] PASSED [ 56%]
backend/tests/test_cedar_validation.py::test_t09_messages_distinguish_the_failure PASSED [ 57%]
backend/tests/test_isolation.py::test_t03_cross_customer_list_is_denied PASSED [ 59%]
backend/tests/test_isolation.py::test_t04_same_customer_ungranted_tenant_is_denied PASSED [ 61%]
backend/tests/test_isolation.py::test_granted_tenants_remain_reachable PASSED [ 63%]
backend/tests/test_isolation.py::test_t05_cross_tenant_access_by_exact_id_is_denied[metadata] PASSED [ 64%]
backend/tests/test_isolation.py::test_t05_cross_tenant_access_by_exact_id_is_denied[download] PASSED [ 66%]
backend/tests/test_isolation.py::test_t05_cross_tenant_access_by_exact_id_is_denied[delete] PASSED [ 68%]
backend/tests/test_isolation.py::test_t05_denied_and_nonexistent_are_identical PASSED [ 70%]
backend/tests/test_isolation.py::test_t06_valid_file_id_under_the_wrong_tenant_path PASSED [ 71%]
backend/tests/test_isolation.py::test_t07_cross_customer_upload_writes_nothing PASSED [ 73%]
backend/tests/test_isolation.py::test_t07_same_customer_ungranted_upload_writes_nothing PASSED [ 75%]
backend/tests/test_isolation.py::test_malformed_tenant_id_is_rejected_cleanly PASSED [ 77%]
backend/tests/test_upload_rules.py::test_t10_bad_filenames_are_rejected[../../etc/passwd.cedar-path traversal] PASSED [ 78%]
backend/tests/test_upload_rules.py::test_t10_bad_filenames_are_rejected[../admin.cedar-parent directory] PASSED [ 80%]
backend/tests/test_upload_rules.py::test_t10_bad_filenames_are_rejected[nested/admin.cedar-contains a separator] PASSED [ 82%]
backend/tests/test_upload_rules.py::test_t10_bad_filenames_are_rejected[notes.txt-wrong extension] PASSED [ 84%]
backend/tests/test_upload_rules.py::test_t10_bad_filenames_are_rejected[admin-no extension] PASSED [ 85%]
backend/tests/test_upload_rules.py::test_t10_bad_filenames_are_rejected[.hidden.cedar-leading dot] PASSED [ 87%]
backend/tests/test_upload_rules.py::test_t10_bad_filenames_are_rejected[-flag.cedar-leading dash] PASSED [ 89%]
backend/tests/test_upload_rules.py::test_t10_bad_filenames_are_rejected[xxxxxxxxxxxxxxxxxxxxxxxxxxxxxxxxxxxxxxxxxxxxxxxxxxxxxxxxxxxxxxxxxxxxxxxxxxxxxxxxxxxxxxxxxxxxxxxxxxxxxxxxxxxxxxxxxxxxxxxxxxxxxxxxxxxxxxxxxxxxxxxxxxxxxxxxxxxxxxxxxxxxxxxxxxxxxxxxxxxxxxxxxxxxxxxxxxxxxxxxxxxxxxxxxxxxxxxxxxxxxxxxxxxxxxxxxxxxxxxxxxxxxxxxxxxxxxxxxxxx.cedar-longer than 255 characters] PASSED [ 91%]
backend/tests/test_upload_rules.py::test_t10_nothing_is_written_outside_the_tenant_directory PASSED [ 92%]
backend/tests/test_upload_rules.py::test_t10_oversized_file_is_rejected PASSED [ 94%]
backend/tests/test_upload_rules.py::test_t11_duplicate_live_filename_is_rejected PASSED [ 96%]
backend/tests/test_upload_rules.py::test_t11_name_can_be_reused_after_deletion PASSED [ 98%]
backend/tests/test_upload_rules.py::test_t11_database_enforces_uniqueness_independently PASSED [100%]

============================== 57 passed in 6.82s ==============================
